// Jest Snapshot v1, https://goo.gl/fbAQLP

exports[`A <FetchProvider /> should render component children correctly 1`] = `null`;
